case=controlled_disturbed
status=running
control_enabled=True
disturbance_enabled=True
progress=5% simulated_time_s=4320 estimated_remaining_s=66.194
progress=10% simulated_time_s=8640 estimated_remaining_s=72.224
progress=15% simulated_time_s=12960 estimated_remaining_s=68.350
progress=20% simulated_time_s=17280 estimated_remaining_s=56.032
t=20430 s satellite=12 command L->H; start=20430 complete=20550 s
t=20540 s satellite=10 command L->H; start=20540 complete=20660 s
t=20550 s satellite=12 transition completed; next command at t>=20850 s
t=20660 s satellite=10 transition completed; next command at t>=20960 s
t=20850 s satellite=12 command H->L; start=20850 complete=20970 s
t=20960 s satellite=10 command H->L; start=20960 complete=21080 s
t=20970 s satellite=12 transition completed; next command at t>=21270 s
t=21080 s satellite=10 transition completed; next command at t>=21380 s
progress=25% simulated_time_s=21600 estimated_remaining_s=48.639
t=21900 s satellite=13 command L->H; start=21900 complete=22020 s
t=21950 s satellite=9 command L->H; start=21950 complete=22070 s
t=22020 s satellite=13 transition completed; next command at t>=22320 s
t=22070 s satellite=9 transition completed; next command at t>=22370 s
t=22320 s satellite=13 command H->L; start=22320 complete=22440 s
t=22370 s satellite=9 command H->L; start=22370 complete=22490 s
t=22440 s satellite=13 transition completed; next command at t>=22740 s
t=22490 s satellite=9 transition completed; next command at t>=22790 s
progress=30% simulated_time_s=25920 estimated_remaining_s=44.856
t=26850 s satellite=14 command L->H; start=26850 complete=26970 s
t=26900 s satellite=8 command L->H; start=26900 complete=27020 s
t=26970 s satellite=14 transition completed; next command at t>=27270 s
t=27020 s satellite=8 transition completed; next command at t>=27320 s
t=27270 s satellite=14 command H->L; start=27270 complete=27390 s
t=27320 s satellite=8 command H->L; start=27320 complete=27440 s
t=27390 s satellite=14 transition completed; next command at t>=27690 s
t=27440 s satellite=8 transition completed; next command at t>=27740 s
progress=35% simulated_time_s=30240 estimated_remaining_s=40.518
t=31800 s satellite=15 command L->H; start=31800 complete=31920 s
t=31850 s satellite=7 command L->H; start=31850 complete=31970 s
t=31920 s satellite=15 transition completed; next command at t>=32220 s
t=31970 s satellite=7 transition completed; next command at t>=32270 s
t=32220 s satellite=15 command H->L; start=32220 complete=32340 s
t=32270 s satellite=7 command H->L; start=32270 complete=32390 s
t=32340 s satellite=15 transition completed; next command at t>=32640 s
t=32390 s satellite=7 transition completed; next command at t>=32690 s
progress=40% simulated_time_s=34560 estimated_remaining_s=36.810
t=36750 s satellite=16 command L->H; start=36750 complete=36870 s
t=36800 s satellite=6 command L->H; start=36800 complete=36920 s
t=36870 s satellite=16 transition completed; next command at t>=37170 s
t=36920 s satellite=6 transition completed; next command at t>=37220 s
t=37170 s satellite=16 command H->L; start=37170 complete=37290 s
t=37220 s satellite=6 command H->L; start=37220 complete=37340 s
t=37290 s satellite=16 transition completed; next command at t>=37590 s
t=37340 s satellite=6 transition completed; next command at t>=37640 s
progress=45% simulated_time_s=38880 estimated_remaining_s=33.283
t=41690 s satellite=17 command L->H; start=41690 complete=41810 s
t=41740 s satellite=5 command L->H; start=41740 complete=41860 s
t=41810 s satellite=17 transition completed; next command at t>=42110 s
t=41860 s satellite=5 transition completed; next command at t>=42160 s
t=42110 s satellite=17 command H->L; start=42110 complete=42230 s
t=42160 s satellite=5 command H->L; start=42160 complete=42280 s
t=42230 s satellite=17 transition completed; next command at t>=42530 s
t=42280 s satellite=5 transition completed; next command at t>=42580 s
progress=50% simulated_time_s=43200 estimated_remaining_s=29.681
t=46630 s satellite=18 command L->H; start=46630 complete=46750 s
t=46680 s satellite=4 command L->H; start=46680 complete=46800 s
t=46750 s satellite=18 transition completed; next command at t>=47050 s
t=46800 s satellite=4 transition completed; next command at t>=47100 s
t=47050 s satellite=18 command H->L; start=47050 complete=47170 s
t=47100 s satellite=4 command H->L; start=47100 complete=47220 s
t=47170 s satellite=18 transition completed; next command at t>=47470 s
t=47220 s satellite=4 transition completed; next command at t>=47520 s
progress=55% simulated_time_s=47520 estimated_remaining_s=26.451
t=51560 s satellite=19 command L->H; start=51560 complete=51680 s
t=51610 s satellite=3 command L->H; start=51610 complete=51730 s
t=51680 s satellite=19 transition completed; next command at t>=51980 s
t=51730 s satellite=3 transition completed; next command at t>=52030 s
progress=60% simulated_time_s=51840 estimated_remaining_s=23.343
t=51980 s satellite=19 command H->L; start=51980 complete=52100 s
t=52030 s satellite=3 command H->L; start=52030 complete=52150 s
t=52100 s satellite=19 transition completed; next command at t>=52400 s
t=52150 s satellite=3 transition completed; next command at t>=52450 s
progress=65% simulated_time_s=56160 estimated_remaining_s=20.520
t=56490 s satellite=20 command L->H; start=56490 complete=56610 s
t=56540 s satellite=2 command L->H; start=56540 complete=56660 s
t=56610 s satellite=20 transition completed; next command at t>=56910 s
t=56660 s satellite=2 transition completed; next command at t>=56960 s
t=56910 s satellite=20 command H->L; start=56910 complete=57030 s
t=56960 s satellite=2 command H->L; start=56960 complete=57080 s
t=57030 s satellite=20 transition completed; next command at t>=57330 s
t=57080 s satellite=2 transition completed; next command at t>=57380 s
progress=70% simulated_time_s=60480 estimated_remaining_s=17.784
t=61410 s satellite=21 command L->H; start=61410 complete=61530 s
t=61460 s satellite=1 command L->H; start=61460 complete=61580 s
t=61530 s satellite=21 transition completed; next command at t>=61830 s
t=61580 s satellite=1 transition completed; next command at t>=61880 s
t=61830 s satellite=21 command H->L; start=61830 complete=61950 s
t=61880 s satellite=1 command H->L; start=61880 complete=62000 s
t=61950 s satellite=21 transition completed; next command at t>=62250 s
t=62000 s satellite=1 transition completed; next command at t>=62300 s
progress=75% simulated_time_s=64800 estimated_remaining_s=15.183
progress=80% simulated_time_s=69120 estimated_remaining_s=12.281
progress=85% simulated_time_s=73440 estimated_remaining_s=9.117
progress=90% simulated_time_s=77760 estimated_remaining_s=5.995
progress=95% simulated_time_s=82080 estimated_remaining_s=2.963
progress=100% simulated_time_s=86400 estimated_remaining_s=0.000
status=completed
elapsed_s=60.135085
